components/Settings.tsx(10,44): error TS6133: 'onNavigate' is declared but its value is never read.
services/geminiService.ts(9,3): error TS6133: 'isPro' is declared but its value is never read.
